// Jest Snapshot v1, https://goo.gl/fbAQLP

exports[`Zendesk Help should match login page third party auth alert message snapshot 1`] = `
<Zendesk
  cookies={true}
  defer={true}
  webWidget={
    Object {
      "answerBot": Object {
        "avatar": Object {
          "name": Object {
            "*": "edX Support",
          },
          "url": undefined,
        },
        "contactOnlyAfterQuery": true,
        "suppress": false,
        "title": Object {
          "*": "edX Support",
        },
      },
      "chat": Object {
        "suppress": false,
      },
      "contactForm": Object {
        "attachments": true,
        "selectTicketForm": Object {
          "*": "Please choose your request type:",
        },
        "ticketForms": Array [
          Object {
            "fields": Array [
              Object {
                "id": "description",
                "prefill": Object {
                  "*": "",
                },
              },
            ],
            "id": 360003368814,
            "subject": false,
          },
        ],
      },
      "contactOptions": Object {
        "enabled": false,
      },
      "helpCenter": Object {
        "originalArticleButton": true,
      },
    }
  }
/>
`;
